{"timestamp": 1767039872.6768665, "text": "The room was silent,...", "sentiment": -0.7532, "tension": 0.5125, "show_ratio": 5.0, "sensory": 0.0}
{"timestamp": 1767039914.414371, "text": "\u623f\u95f4\u7684\u5bc2\u9759\u88ab\u4e00\u79cd\u5fae\u5f31\u7684\u55e1\u9e23\u6253\u7834\u3002\u7a7a\u6c14\u4e2d\u5f00...", "sentiment": 1.0, "tension": 0.0, "show_ratio": 3.62, "sensory": 0.06}
{"timestamp": 1767039948.989427, "text": "He laughed joyfully ...", "sentiment": -0.1563, "tension": 0.6, "show_ratio": 5.0, "sensory": 0.0}
{"timestamp": 1767040265.4578865, "text": "\u4ed6\u5728\u9634\u6697\u7684\u5e9f\u589f\u4e2d\u8d70\u7740\uff0c\u95fb\u5230\u4e86\u8150\u70c2\u7684\u6c14\u5473\uff0c...", "sentiment": -0.5393, "tension": 0.5625, "show_ratio": 3.5, "sensory": 0.194}
{"timestamp": 1767040313.8530753, "text": "\u56de\u5e94\u4ed6\u7684\u4e0d\u662f\u58f0\u97f3\uff0c\u800c\u662f\u4e00\u9053\u5fae\u5f31\u7684\u84dd\u5149\u5728\u5e9f...", "sentiment": 1.0, "tension": 0.0, "show_ratio": 4.38, "sensory": 0.058}
{"timestamp": 1767040462.4023807, "text": "\u5728\u5b81\u9759\u7684\u4e61\u6751\uff0c\u9633\u5149\u6d12\u5728\u9ea6\u7530\u4e0a\uff0c\u8001\u519c\u592b\u6b63\u5728...", "sentiment": -0.8084, "tension": 0.675, "show_ratio": 5.0, "sensory": 0.188}
{"timestamp": 1767040715.5301197, "text": "The ancient forest h...", "sentiment": -0.645, "tension": 0.075, "show_ratio": 5.0, "sensory": 0.0}
{"timestamp": 1767040767.9450116, "text": "\u5f53\u827e\u7433\u535a\u58eb\u7684\u91cf\u5b50\u63a2\u6d4b\u5668\u5728\u68ee\u6797\u8fb9\u7f18\u75af\u72c2\u9e23\u54cd...", "sentiment": 1.0, "tension": 0.0, "show_ratio": 11.8, "sensory": 0.043}
{"timestamp": 1767040916.645671, "text": "\u6211\u662fshfkajshfkjaw...", "sentiment": 0.0, "tension": 0.8125, "show_ratio": 5.0, "sensory": 0.0}
{"timestamp": 1767040921.6806533, "text": "\u51b2\u6b64\u51b2\u523a...", "sentiment": 0.5, "tension": 0.95, "show_ratio": 5.0, "sensory": 0.0}
{"timestamp": 1767040926.8661568, "text": "\u4e00\u70b9\u70b9\u7684\u5feb\u4e50...", "sentiment": 0.9151, "tension": 0.925, "show_ratio": 0.0, "sensory": 0.0}
{"timestamp": 1767040928.9692037, "text": "\u4e00\u70b9\u70b9\u7684\u5feb\u4e50\u4f60\u8bf4\u6211\u7231\u4f60...", "sentiment": 0.9442, "tension": 0.8625, "show_ratio": 1.0, "sensory": 0.0}
{"timestamp": 1767040935.803619, "text": "\u6211\u8bf4\uff1a\u201c\u4f60\u597d\u554a\u201d...", "sentiment": 0.2088, "tension": 0.9, "show_ratio": 5.0, "sensory": 0.0}
{"timestamp": 1767040941.523459, "text": "\u4f60\u8bf4\u201c\u4e0d\u592a\u597d\u201d...", "sentiment": -0.5705, "tension": 0.9125, "show_ratio": 5.0, "sensory": 0.0}
{"timestamp": 1767041075.3392658, "text": "\u6240\u6709\u4eba\u90fd\u8ba4\u4e3a\u4f60\u5728\u6492\u8c0e\uff0c\u7528\u201c\u4e0d\u592a\u597d\u201d\u6765\u535a\u53d6...", "sentiment": 1.0, "tension": 0.1, "show_ratio": 3.5, "sensory": 0.0}
{"timestamp": 1767041213.3429585, "text": "\u7a81\u7136\u731b\u70c8\u7684\u8f70\u9686\u4e00\u8eab\uff0c\u70b8\u54cd\u4e86\u6211...", "sentiment": -0.0747, "tension": 0.825, "show_ratio": 1.0, "sensory": 0.1}
{"timestamp": 1767041233.575427, "text": "\u6211\u53c8\u51b7\u53c8ke\uff0c\u611f\u89c9\u8981\u6b7b\u4e86...", "sentiment": -0.6739, "tension": 0.85, "show_ratio": 0.67, "sensory": 0.111}
{"timestamp": 1767041467.2539759, "text": "\u9633\u5149\u7167\u5728\u91d1\u8272\u7684\u7a3b\u7530\u4e0a\uff0c\u7a7a\u6c14\u4e2d\u5f25\u6f2b\u7740\u9999\u751c\u7684...", "sentiment": 0.9973, "tension": 0.575, "show_ratio": 4.5, "sensory": 2.174}
{"timestamp": 1767045268.5695388, "text": "\u5728\u4e00\u6b21\u5b9e\u9a8c\u5ba4\u4e8b\u6545\u4e2d\uff0c\u4e3b\u89d2\u610f\u5916\u89e6\u53d1\u4e86\u91cf\u5b50\u7ea0...", "sentiment": 1.0, "tension": 0.0, "show_ratio": 8.71, "sensory": 0.177}
{"timestamp": 1767049164.0367315, "text": "\u5f53\u4e3b\u89d2\u5076\u7136\u53d1\u73b0\u4e00\u4efd\u4e0e\u81ea\u5df1\u8bb0\u5fc6\u5b8c\u5168\u4e0d\u7b26\u7684\u51fa...", "sentiment": 1.0, "tension": 0.1, "show_ratio": 3.15, "sensory": 0.0}
{"timestamp": 1767049164.0394413, "text": "\u5f53\u4e3b\u89d2\u5076\u7136\u53d1\u73b0\u4e00\u4efd\u4e0e\u81ea\u5df1\u8bb0\u5fc6\u5b8c\u5168\u4e0d\u7b26\u7684\u51fa...", "sentiment": 1.0, "tension": 0.1, "show_ratio": 3.15, "sensory": 0.0}
{"timestamp": 1767049164.085825, "text": "\u5f53\u4e3b\u89d2\u5076\u7136\u53d1\u73b0\u4e00\u4efd\u4e0e\u81ea\u5df1\u8bb0\u5fc6\u5b8c\u5168\u4e0d\u7b26\u7684\u51fa...", "sentiment": 1.0, "tension": 0.1, "show_ratio": 3.15, "sensory": 0.0}
{"timestamp": 1767049807.13119, "text": "\u5728\u4e00\u6b21\u5b9e\u9a8c\u5ba4\u4e8b\u6545\u4e2d\uff0c\u4e3b\u89d2\u610f\u5916\u89e6\u53d1\u4e86\u91cf\u5b50\u7ea0...", "sentiment": 1.0, "tension": 0.0, "show_ratio": 3.22, "sensory": 0.563}
{"timestamp": 1767049856.2483218, "text": "\u5e7b\u89c6\u8d8a\u6765\u8d8a\u9891\u7e41\uff0c\u4e3b\u89d2\u5f00\u59cb\u6e05\u6670\u5730\u770b\u5230\u53e6\u4e00\u4e2a...", "sentiment": 1.0, "tension": 0.0, "show_ratio": 4.25, "sensory": 0.514}
{"timestamp": 1767050002.0198503, "text": "Hello world, start t...", "sentiment": -0.1563, "tension": 0.6375, "show_ratio": 5.0, "sensory": 0.0}
{"timestamp": 1767050053.6776726, "text": "\u6d4b\u8bd5\u4e00\u4e0b...", "sentiment": 0.4488, "tension": 0.95, "show_ratio": 5.0, "sensory": 0.0}
{"timestamp": 1767050055.8275912, "text": "\u4f60\u597d...", "sentiment": 0.0625, "tension": 0.975, "show_ratio": 5.0, "sensory": 0.0}
{"timestamp": 1767050221.6962054, "text": "\u6d4b\u8bd5\u4e00\u4e0b...", "sentiment": 0.4488, "tension": 0.95, "show_ratio": 5.0, "sensory": 0.0}
{"timestamp": 1767050224.9308124, "text": "\u8fde\u8d2f...", "sentiment": 0.125, "tension": 0.975, "show_ratio": 5.0, "sensory": 0.0}
{"timestamp": 1767050601.085395, "text": "\u5728\u4e00\u4e2a\u504f\u8fdc\u7684\u5c0f\u9547\u4e0a\uff0c\u6709\u4e00\u4e2a\u53e4\u8001\u7684\u949f\u697c\u3002\u6bcf...", "sentiment": 0.968, "tension": 0.5375, "show_ratio": 9.0, "sensory": 0.417}
{"timestamp": 1767050660.0131752, "text": "\u5fc3\u7406\u5b66\u5bb6\u8428\u62c9\u53d1\u73b0\uff0c\u6bcf\u5f53\u949f\u697c\u5728\u5348\u591c\u53d1\u51fa\u5947\u602a...", "sentiment": 1.0, "tension": 0.0, "show_ratio": 7.12, "sensory": 0.351}
{"timestamp": 1767050893.1152105, "text": "This is a test of th...", "sentiment": -0.9705, "tension": 0.0, "show_ratio": 5.0, "sensory": 0.0}
{"timestamp": 1767050976.2509391, "text": "This next sentence s...", "sentiment": -0.8586, "tension": 0.0, "show_ratio": 5.0, "sensory": 0.0}
{"timestamp": 1767051158.4864063, "text": "\u5728\u4e00\u6b21\u5b9e\u9a8c\u5ba4\u4e8b\u6545\u4e2d\uff0c\u4e3b\u89d2\u610f\u5916\u89e6\u53d1\u4e86\u91cf\u5b50\u7ea0...", "sentiment": 1.0, "tension": 0.0, "show_ratio": 7.67, "sensory": 0.098}
{"timestamp": 1767051210.776042, "text": "\u968f\u7740\u610f\u8bc6\u8fde\u63a5\u7684\u6301\u7eed\uff0c\u4e3b\u89d2\u5f00\u59cb\u63a5\u6536\u5230\u4e0d\u4ec5\u4ec5...", "sentiment": 1.0, "tension": 0.2, "show_ratio": 4.73, "sensory": 0.311}
{"timestamp": 1767051314.6771173, "text": "\u5728\u6df1\u5165\u63a2\u7d22\u91cf\u5b50\u56de\u58f0\u7684\u8fc7\u7a0b\u4e2d\uff0c\u4e3b\u89d2\u53d1\u73b0\u4e86\u4e00...", "sentiment": 1.0, "tension": 0.0, "show_ratio": 6.0, "sensory": 0.197}
{"timestamp": 1767051319.570362, "text": "1...", "sentiment": -0.3462, "tension": 0.9875, "show_ratio": 5.0, "sensory": 0.0}
{"timestamp": 1767051322.710165, "text": "2414214...", "sentiment": 0.0, "tension": 0.9125, "show_ratio": 5.0, "sensory": 0.0}
{"timestamp": 1767051325.2048903, "text": "3543523...", "sentiment": 0.0, "tension": 0.9125, "show_ratio": 5.0, "sensory": 0.0}
{"timestamp": 1767051330.7234206, "text": "\u51b2\u523a...", "sentiment": 0.5, "tension": 0.975, "show_ratio": 5.0, "sensory": 10.0}
{"timestamp": 1767051355.670903, "text": "\u593a\u51a0\u540e\u7684\u65b0\u95fb\u53d1\u5e03\u4f1a\u4e0a\uff0c\u8bb0\u8005\u95ee\u53ca\u6210\u529f\u7684\u79d8\u8bc0...", "sentiment": 1.0, "tension": 0.0, "show_ratio": 3.73, "sensory": 0.183}
{"timestamp": 1767051386.028456, "text": "\u9003\u5230\u4f11\u606f\u5ba4\u7684\u4e3b\u89d2\u76ef\u7740\u5899\u4e0a\u7684\u6302\u949f\uff0c\u79d2\u9488\u6bcf\u8df3...", "sentiment": 1.0, "tension": 0.0, "show_ratio": 4.31, "sensory": 0.135}
{"timestamp": 1767051558.762018, "text": "\u5728\u4e00\u6b21\u5b9e\u9a8c\u5ba4\u4e8b\u6545\u4e2d\uff0c\u4e3b\u89d2\u610f\u5916\u89e6\u53d1\u4e86\u91cf\u5b50\u7ea0...", "sentiment": 1.0, "tension": 0.0, "show_ratio": 4.18, "sensory": 0.088}
{"timestamp": 1767051600.0090473, "text": "\u4e00\u4e2a\u7cbe\u81f4\u7684\u53e4\u8463\u9999\u6c34\u74f6\u83ab\u540d\u51fa\u73b0\u5728\u4e3b\u89d2\u7684\u516c\u5bd3...", "sentiment": 1.0, "tension": 0.0, "show_ratio": 9.2, "sensory": 0.262}
{"timestamp": 1767051680.6059446, "text": "1...", "sentiment": -0.3462, "tension": 0.9875, "show_ratio": 5.0, "sensory": 0.0}
{"timestamp": 1767051683.0397425, "text": "3414...", "sentiment": 0.0, "tension": 0.95, "show_ratio": 5.0, "sensory": 0.0}
{"timestamp": 1767051684.4875011, "text": "34134...", "sentiment": 0.0, "tension": 0.9375, "show_ratio": 5.0, "sensory": 0.0}
{"timestamp": 1767051687.3550882, "text": "\u8428\u8fbe\u963f\u5fb7...", "sentiment": -0.0525, "tension": 0.95, "show_ratio": 5.0, "sensory": 0.0}
{"timestamp": 1767051689.5086691, "text": "\u524drw...", "sentiment": 0.1357, "tension": 0.9625, "show_ratio": 5.0, "sensory": 0.0}
{"timestamp": 1767052014.7353137, "text": "\u4e3b\u89d2\u5076\u7136\u83b7\u5f97\u4e86\u64cd\u63a7\u91cf\u5b50\u6982\u7387\u7684\u80fd\u529b\uff0c\u80fd\u591f\u901a...", "sentiment": 1.0, "tension": 0.0, "show_ratio": 4.82, "sensory": 0.288}
{"timestamp": 1767052014.7368178, "text": "\u4e3b\u89d2\u5076\u7136\u83b7\u5f97\u4e86\u64cd\u63a7\u91cf\u5b50\u6982\u7387\u7684\u80fd\u529b\uff0c\u80fd\u591f\u901a...", "sentiment": 1.0, "tension": 0.0, "show_ratio": 4.82, "sensory": 0.288}
{"timestamp": 1767052079.8062384, "text": "\u5f53\u4e3b\u89d2\u8bd5\u56fe\u4fee\u590d\u56e0\u62ef\u6551\u597d\u53cb\u800c\u6d88\u5931\u7684\u604b\u4eba\u65f6\uff0c...", "sentiment": 1.0, "tension": 0.0, "show_ratio": 5.7, "sensory": 0.147}
{"timestamp": 1767052333.5485418, "text": "\u5728\u4e00\u6b21\u5b9e\u9a8c\u5ba4\u4e8b\u6545\u4e2d\uff0c\u4e3b\u89d2\u610f\u5916\u89e6\u53d1\u4e86\u91cf\u5b50\u7ea0...", "sentiment": 1.0, "tension": 0.0, "show_ratio": 6.67, "sensory": 0.104}
{"timestamp": 1767052604.619638, "text": "\u5728\u6574\u7406\u7956\u7236\u9057\u7269\u65f6\uff0c\u4e3b\u89d2\u53d1\u73b0\u4e86\u4e00\u628a\u9576\u5d4c\u7740\u6697...", "sentiment": 1.0, "tension": 0.0, "show_ratio": 5.3, "sensory": 0.254}

{"timestamp": 1767052768.866577, "text": "\u4e3b\u89d2\u5728\u53e4\u7c4d\u4e2d\u53d1\u73b0\uff0c\u6697\u7ea2\u5b9d\u77f3\u88ab\u79f0\u4e3a\u2018\u8840\u955c\u77f3...", "sentiment": 1.0, "tension": 0.0, "show_ratio": 7.38, "sensory": 0.248}
{"timestamp": 1767052774.4146795, "text": "\u6d4b\u8bd5...", "sentiment": 0.4488, "tension": 0.975, "show_ratio": 5.0, "sensory": 0.0}
{"timestamp": 1767052880.9821317, "text": "\u5728\u5c1d\u8bd5\u767b\u5f55\u4e00\u4e2a\u5173\u952e\u7cfb\u7edf\u65f6\uff0c\u4e3b\u89d2\u53d1\u73b0\u81ea\u5df1\u8bbe...", "sentiment": 1.0, "tension": 0.0, "show_ratio": 4.83, "sensory": 0.256}
{"timestamp": 1767052981.7521498, "text": "11\u00b7431...", "sentiment": 0.0, "tension": 0.925, "show_ratio": 5.0, "sensory": 0.0}
{"timestamp": 1767053061.5587087, "text": "\u5728\u4e00\u4e2a\u9ad8\u5ea6\u4f9d\u8d56\u91cf\u5b50\u52a0\u5bc6\u7684\u672a\u6765\u4e16\u754c\uff0c11\u00b7...", "sentiment": 1.0, "tension": 0.0, "show_ratio": 4.5, "sensory": 0.153}
{"timestamp": 1767053418.0767975, "text": "\u5728\u4e00\u6b21\u610f\u5916\u7684\u5b9e\u9a8c\u5ba4\u4e8b\u6545\u4e2d\uff0c\u4e3b\u89d2\u88ab\u66b4\u9732\u5728\u5f3a...", "sentiment": 1.0, "tension": 0.0, "show_ratio": 4.56, "sensory": 0.09}
{"timestamp": 1767053437.935988, "text": "\u7a81\u7136\u5929\u5d29\u5730\u88c2\uff0c\u4e16\u754c\u597d\u50cf\u5d29\u574f\u4e86\u4e00\u6837...", "sentiment": 0.519, "tension": 0.8, "show_ratio": 3.0, "sensory": 0.0}
{"timestamp": 1767053552.0748398, "text": "\u5728\u4e00\u6b21\u5b9e\u9a8c\u5ba4\u4e8b\u6545\u4e2d\uff0c\u4e3b\u89d2\u610f\u5916\u89e6\u53d1\u4e86\u91cf\u5b50\u5171...", "sentiment": 1.0, "tension": 0.0, "show_ratio": 3.08, "sensory": 0.275}
{"timestamp": 1767053643.605242, "text": "\u7ecf\u8fc7\u6570\u5468\u7684\u5b9e\u9a8c\u548c\u8ba1\u7b97\uff0c\u4e3b\u89d2\u7ec8\u4e8e\u627e\u5230\u4e86\u7406\u8bba...", "sentiment": 1.0, "tension": 0.0, "show_ratio": 4.06, "sensory": 0.0}
{"timestamp": 1767053756.4688194, "text": "\u5f53\u5b87\u5b99\u878d\u5408\u7684\u8ff9\u8c61\u8d8a\u6765\u8d8a\u660e\u663e\u65f6\uff0c\u4e3b\u89d2\u7684\u8111\u6d77...", "sentiment": 1.0, "tension": 0.0, "show_ratio": 5.14, "sensory": 0.122}
{"timestamp": 1767053815.0917726, "text": "\u9762\u5bf9\u7ec7\u7f51\u8005\u8bbe\u5b9a\u7684\u975e\u6b64\u5373\u5f7c\u7684\u6d4b\u8bd5\u6846\u67b6\uff0c\u4e3b\u89d2...", "sentiment": 1.0, "tension": 0.0, "show_ratio": 5.0, "sensory": 0.135}
{"timestamp": 1767054964.496602, "text": "First turn of the st...", "sentiment": -0.1046, "tension": 0.7125, "show_ratio": 5.0, "sensory": 0.0}
{"timestamp": 1767055090.0040073, "text": "\u6797\u9ed8\u4ece\u660f\u8ff7\u4e2d\u9192\u6765\uff0c\u53d1\u73b0\u81ea\u5df1\u80fd\u540c\u65f6\u611f\u77e5\u5230\u4e24...", "sentiment": 1.0, "tension": 0.0, "show_ratio": 5.79, "sensory": 0.049}
{"timestamp": 1767055158.2863302, "text": "\u6797\u9ed8\u6ca1\u6709\u9003\u907f\u4e24\u4e2a\u4e16\u754c\u7684\u574d\u7f29\uff0c\u53cd\u800c\u5f00\u59cb\u4e3b\u52a8...", "sentiment": 1.0, "tension": 0.0, "show_ratio": 6.18, "sensory": 0.127}
{"timestamp": 1767055231.62986, "text": "First turn of the st...", "sentiment": -0.1046, "tension": 0.7125, "show_ratio": 5.0, "sensory": 0.0}
{"timestamp": 1767055282.6148753, "text": "\u81ea\u4ece\u90a3\u573a\u5b9e\u9a8c\u5ba4\u4e8b\u6545\u540e\uff0c\u674e\u7ef4\u6bcf\u665a\u90fd\u4f1a\u505a\u540c\u4e00...", "sentiment": 1.0, "tension": 0.0, "show_ratio": 5.25, "sensory": 0.0}
{"timestamp": 1767055583.7607431, "text": "\u5728\u4e00\u6b21\u5b9e\u9a8c\u5ba4\u4e8b\u6545\u4e2d\uff0c\u4e3b\u89d2\u610f\u5916\u89e6\u53d1\u4e86\u91cf\u5b50\u5171...", "sentiment": 1.0, "tension": 0.0, "show_ratio": 4.89, "sensory": 0.189}
{"timestamp": 1767055669.9622743, "text": "\u5728\u4e00\u6b21\u610f\u5916\u4e8b\u6545\u4e2d\uff0c\u4e3b\u89d2\u7684\u610f\u8bc6\u4e0e\u53e6\u4e00\u4e2a\u5e73\u884c...", "sentiment": 1.0, "tension": 0.0, "show_ratio": 6.29, "sensory": 0.094}
{"timestamp": 1767056126.3520565, "text": "\u5728\u4e00\u6b21\u91cf\u5b50\u7269\u7406\u5b9e\u9a8c\u4e2d\uff0c\u4e3b\u89d2\u610f\u5916\u53d1\u73b0\u81ea\u5df1\u7684...", "sentiment": 1.0, "tension": 0.0, "show_ratio": 4.55, "sensory": 0.084}
{"timestamp": 1767056192.033413, "text": "\u968f\u7740\u7ea0\u7f20\u52a0\u6df1\uff0c\u4e3b\u89d2\u5f00\u59cb\u7cfb\u7edf\u8bb0\u5f55\u81ea\u5df1\u7684\u9009\u62e9...", "sentiment": 1.0, "tension": 0.1, "show_ratio": 12.57, "sensory": 0.226}
{"timestamp": 1767056944.2760112, "text": "\u5728\u4e00\u6b21\u5b9e\u9a8c\u5ba4\u4e8b\u6545\u4e2d\uff0c\u4e3b\u89d2\u610f\u5916\u89e6\u53d1\u4e86\u91cf\u5b50\u5171...", "sentiment": 1.0, "tension": 0.0, "show_ratio": 3.67, "sensory": 0.259}
{"timestamp": 1767057010.1930182, "text": "\u5728\u4e00\u6b21\u5267\u70c8\u7684\u610f\u8bc6\u4e89\u593a\u540e\uff0c\u4e3b\u89d2\u7684\u5b9e\u9a8c\u5ba4\u4eea\u5668...", "sentiment": 1.0, "tension": 0.0, "show_ratio": 5.46, "sensory": 0.068}
{"timestamp": 1767057336.3295581, "text": "\u51b2\u523a...", "sentiment": 0.5, "tension": 0.975, "show_ratio": 5.0, "sensory": 10.0}
{"timestamp": 1767058030.8015301, "text": "\u5f53\u5b87\u5b99\u878d\u5408\u7684\u8ff9\u8c61\u8d8a\u6765\u8d8a\u660e\u663e\u65f6\uff0c\u4e3b\u89d2\u7684\u8111\u6d77...", "sentiment": 1.0, "tension": 0.0, "show_ratio": 5.14, "sensory": 0.122}
{"timestamp": 1767058142.768436, "text": "New intervention tex...", "sentiment": -0.2567, "tension": 0.4, "show_ratio": 5.0, "sensory": 0.0}
{"timestamp": 1767058268.7285845, "text": "Step 1: Original Sta...", "sentiment": -0.1563, "tension": 0.725, "show_ratio": 5.0, "sensory": 0.0}
{"timestamp": 1767058321.4618356, "text": "\u5728\u4e00\u6b21\u5076\u7136\u7684\u5b9e\u9a8c\u4e2d\uff0c\u4e3b\u89d2\u610f\u5916\u89e6\u53d1\u4e86\u91cf\u5b50\u7ea0...", "sentiment": 1.0, "tension": 0.0, "show_ratio": 6.11, "sensory": 0.424}
{"timestamp": 1767058400.830698, "text": "\u4e3b\u89d2\u662f\u4e00\u540d\u91cf\u5b50\u8ba1\u7b97\u7814\u7a76\u5458\uff0c\u6210\u529f\u5f00\u53d1\u51fa\u4e86\u4e00...", "sentiment": 1.0, "tension": 0.0, "show_ratio": 5.91, "sensory": 0.074}
{"timestamp": 1767058464.133111, "text": "Step 2: Alternate Pa...", "sentiment": -0.1563, "tension": 0.725, "show_ratio": 5.0, "sensory": 0.0}
{"timestamp": 1767058529.839712, "text": "Step 3: Auto-Fork Te...", "sentiment": -0.1563, "tension": 0.725, "show_ratio": 5.0, "sensory": 0.0}
{"timestamp": 1767059143.9437716, "text": "The year is 3050. Th...", "sentiment": -0.7859, "tension": 0.225, "show_ratio": 5.0, "sensory": 0.0}
{"timestamp": 1767059198.502045, "text": "\u6234\u68ee\u7403\u80fd\u91cf\u76d1\u63a7\u4e2d\u5fc3\u9996\u6b21\u6355\u6349\u5230\u6765\u81ea\u592a\u9633\u6838\u5fc3...", "sentiment": 1.0, "tension": 0.1, "show_ratio": 11.33, "sensory": 0.0}
{"timestamp": 1767059267.9555168, "text": "\u5728\u786e\u8ba4\u592a\u9633\u610f\u8bc6\u7684\u5b58\u5728\u540e\uff0c\u8054\u5408\u56fd\u7d27\u6025\u6210\u7acb\u4e86...", "sentiment": 1.0, "tension": 0.0, "show_ratio": 9.71, "sensory": 0.0}
{"timestamp": 1767059342.1549802, "text": "\u827e\u7433\u5a1c\u56e2\u961f\u53d1\u73b0\uff0c\u592a\u9633\u7559\u4e0b\u7684\u201c\u610f\u8bc6\u5370\u8bb0\u201d\u5e76...", "sentiment": 1.0, "tension": 0.0, "show_ratio": 6.08, "sensory": 0.068}
{"timestamp": 1767059418.6091769, "text": "\u5f53\u8054\u5408\u56fd\u4e89\u8bba\u4e0d\u4f11\u65f6\uff0c\u827e\u7433\u5a1c\u56e2\u961f\u7834\u8bd1\u4e86\u91cf\u5b50...", "sentiment": 1.0, "tension": 0.0, "show_ratio": 12.14, "sensory": 0.132}
{"timestamp": 1767059475.4676938, "text": "Suddenly, a crack ap...", "sentiment": -0.4345, "tension": 0.4875, "show_ratio": 5.0, "sensory": 0.0}
{"timestamp": 1767059550.0444329, "text": "\u90a3\u9053\u88c2\u7f1d\u5e76\u975e\u7269\u7406\u4e0a\u7684\u7834\u635f\uff0c\u800c\u662f\u91cf\u5b50\u6001\u7684\u53e0...", "sentiment": 1.0, "tension": 0.0, "show_ratio": 9.5, "sensory": 0.087}
{"timestamp": 1767059660.0795233, "text": "\u4e3b\u89d2\u8bd5\u56fe\u901a\u8fc7\u955c\u50cf\u52a8\u4f5c\u5411\u53e6\u4e00\u4e2a\u4e16\u754c\u4f20\u9012\u4fe1\u606f...", "sentiment": 1.0, "tension": 0.0, "show_ratio": 6.17, "sensory": 0.26}
{"timestamp": 1767059792.8129146, "text": "Turn 1...", "sentiment": -0.3916, "tension": 0.925, "show_ratio": 5.0, "sensory": 0.0}
{"timestamp": 1767059816.7256796, "text": "Turn 2...", "sentiment": -0.3845, "tension": 0.925, "show_ratio": 5.0, "sensory": 0.0}
{"timestamp": 1767059839.106337, "text": "Turn 3...", "sentiment": -0.2691, "tension": 0.925, "show_ratio": 5.0, "sensory": 0.0}
{"timestamp": 1767060733.41091, "text": "Turn 4...", "sentiment": -0.2285, "tension": 0.925, "show_ratio": 5.0, "sensory": 0.0}
{"timestamp": 1767061437.8268912, "text": "Once upon a time......", "sentiment": -0.3456, "tension": 0.7625, "show_ratio": 5.0, "sensory": 0.0}
{"timestamp": 1767061471.8006563, "text": "A green dragon appea...", "sentiment": 0.0452, "tension": 0.7, "show_ratio": 5.0, "sensory": 0.0}
{"timestamp": 1767061515.371616, "text": "The sky turned red....", "sentiment": -0.4653, "tension": 0.7625, "show_ratio": 5.0, "sensory": 0.0}
{"timestamp": 1767061632.070538, "text": "Branching Test...", "sentiment": -0.0525, "tension": 0.825, "show_ratio": 5.0, "sensory": 0.0}
{"timestamp": 1767062282.2143826, "text": "Branching Test...", "sentiment": -0.0525, "tension": 0.825, "show_ratio": 5.0, "sensory": 0.0}
{"timestamp": 1767062638.5414221, "text": "Branching Test...", "sentiment": -0.0525, "tension": 0.825, "show_ratio": 5.0, "sensory": 0.0}
{"timestamp": 1767062843.6862016, "text": "Start...", "sentiment": 0.0, "tension": 0.9375, "show_ratio": 5.0, "sensory": 0.0}
{"timestamp": 1767062872.3327744, "text": "Middle...", "sentiment": 0.0, "tension": 0.925, "show_ratio": 5.0, "sensory": 0.0}
{"timestamp": 1767066655.8232462, "text": "\u4ece\u524d\u6709\u4e00\u4e2a\u4eba\u53eb\u5c0f\u5e05...", "sentiment": 0.8313, "tension": 0.8875, "show_ratio": 5.0, "sensory": 1.667}
{"timestamp": 1767066655.8247514, "text": "\u4ece\u524d\u6709\u4e00\u4e2a\u4eba\u53eb\u5c0f\u5e05...", "sentiment": 0.8313, "tension": 0.8875, "show_ratio": 5.0, "sensory": 1.667}
{"timestamp": 1767066670.3823662, "text": "\u2019...", "sentiment": 0.1282, "tension": 0.9875, "show_ratio": 5.0, "sensory": 0.0}
{"timestamp": 1767066672.7825, "text": "sadasfawf...", "sentiment": 0.0, "tension": 0.8875, "show_ratio": 5.0, "sensory": 0.0}
{"timestamp": 1767066741.7411108, "text": "\u96e8\u58f0\u6dc5\u6dc5\u6ca5\u6ca5\uff0c\u4e3b\u89d2\u7ad9\u5728\u7a97\u524d\uff0c\u770b\u7740\u96e8\u6c34\u5728\u73bb...", "sentiment": 0.9752, "tension": 0.0, "show_ratio": 3.0, "sensory": 0.667}
{"timestamp": 1767066760.1914368, "text": "\u7a81\u7136\u62e8\u4e91\u89c1\u65e5\uff0c\u82f1\u96c4\u4ece\u5929\u800c\u964d...", "sentiment": 0.9832, "tension": 0.8375, "show_ratio": 1.0, "sensory": 2.0}
{"timestamp": 1767066781.6392655, "text": "\u5c0f\u660e\u8bf4\uff1a\u201c123456\u201d...", "sentiment": -0.3166, "tension": 0.85, "show_ratio": 1.0, "sensory": 0.0}
{"timestamp": 1767066837.8216436, "text": "\u6df1\u591c\u7684\u96e8\u58f0\u4e2d\uff0c\u5c0f\u660e\u5bf9\u7740\u624b\u673a\u8bed\u97f3\u5907\u5fd8\u5f55\u65e0\u610f...", "sentiment": 1.0, "tension": 0.0, "show_ratio": 8.0, "sensory": 0.827}
{"timestamp": 1767067552.3660178, "text": "\u5c0f\u660e\u88ab\u56f0\u5728\u540c\u4e00\u5929\u5df2\u7ecf\u4e09\u5e74\u4e86\u3002\u6bcf\u5929\u9192\u6765\u90fd\u662f...", "sentiment": 1.0, "tension": 0.0, "show_ratio": 2.53, "sensory": 0.0}
{"timestamp": 1767067606.9922543, "text": "\u5728\u9010\u6e10\u6d88\u5931\u7684\u8fc7\u7a0b\u4e2d\uff0c\u5c0f\u660e\u5076\u7136\u53d1\u73b0\u4e00\u74f619...", "sentiment": 0.997, "tension": 0.0, "show_ratio": 5.22, "sensory": 0.275}
{"timestamp": 1767067852.8160403, "text": "\u5728\u53c2\u89c2\u91cf\u5b50\u7269\u7406\u7814\u7a76\u6240\u65f6\uff0c\u5c0f\u660e\u5bf9\u7740\u4e00\u4e2a\u770b\u4f3c...", "sentiment": 0.9495, "tension": 0.0, "show_ratio": 6.0, "sensory": 0.182}
{"timestamp": 1767067888.2218914, "text": "\u52c7\u8005\u548c\u6076\u9f99\u7684\u6545\u4e8b...", "sentiment": 0.3914, "tension": 0.9, "show_ratio": 5.0, "sensory": 0.0}
{"timestamp": 1767067915.535979, "text": "\u5f53\u52c7\u8005\u7ec8\u4e8e\u62b5\u8fbe\u6076\u9f99\u7684\u5de2\u7a74\uff0c\u4ed6\u770b\u5230\u7684\u4e0d\u662f\u5806...", "sentiment": 1.0, "tension": 0.1, "show_ratio": 6.83, "sensory": 0.426}
{"timestamp": 1767068145.855637, "text": "\u5c0f\u660e\u54a8\u8be2\u4e86\u4e00\u4f4d\u91cf\u5b50\u7269\u7406\u5b66\u5bb6\u670b\u53cb\uff0c\u5f97\u77e5\u5f55\u97f3...", "sentiment": 1.0, "tension": 0.0, "show_ratio": 8.11, "sensory": 0.359}
{"timestamp": 1767068146.6573892, "text": "\u5c0f\u660e\u54a8\u8be2\u4e86\u4e00\u4f4d\u91cf\u5b50\u7269\u7406\u5b66\u5bb6\u670b\u53cb\uff0c\u5f97\u77e5\u5f55\u97f3...", "sentiment": 1.0, "tension": 0.0, "show_ratio": 8.11, "sensory": 0.359}
{"timestamp": 1767068524.1982758, "text": "1...", "sentiment": -0.3462, "tension": 0.9875, "show_ratio": 5.0, "sensory": 0.0}
{"timestamp": 1767069561.0857418, "text": "\u4e00\u4e2a\u5929\u5802...", "sentiment": 0.6299, "tension": 0.95, "show_ratio": 5.0, "sensory": 0.0}
{"timestamp": 1767069566.3399465, "text": "\u4e24\u4e2a\u9b54\u9b3c...", "sentiment": -0.0593, "tension": 0.95, "show_ratio": 5.0, "sensory": 0.0}
{"timestamp": 1767069573.7682087, "text": "\u201c\u4e00\u5207\u89e3\u91ca\u865a\u5984\u201d...", "sentiment": -0.0473, "tension": 0.9, "show_ratio": 1.0, "sensory": 0.0}
{"timestamp": 1767069607.6103826, "text": "\u5f53\u4e3b\u89d2\u7ec8\u4e8e\u63ed\u5f00\u4e86\u201c\u4e00\u5207\u89e3\u91ca\u865a\u5984\u201d\u8fd9\u53e5\u8bdd\u80cc...", "sentiment": 1.0, "tension": 0.0, "show_ratio": 3.77, "sensory": 0.227}
{"timestamp": 1767069665.3713932, "text": "\u5728\u4e00\u4e2a\u4eba\u4eba\u4f9d\u9760\u201c\u9002\u5e94\u6027\u8c0e\u8a00\u201d\u6765\u7406\u89e3\u4e16\u754c\u3001...", "sentiment": 1.0, "tension": 0.0, "show_ratio": 5.23, "sensory": 0.062}
{"timestamp": 1767069665.7766044, "text": "\u5728\u4e00\u4e2a\u4eba\u4eba\u4f9d\u9760\u201c\u9002\u5e94\u6027\u8c0e\u8a00\u201d\u6765\u7406\u89e3\u4e16\u754c\u3001...", "sentiment": 1.0, "tension": 0.0, "show_ratio": 5.23, "sensory": 0.062}
{"timestamp": 1767069725.2753038, "text": "\u5929\u4f53\u7269\u7406\u5b66\u5bb6\u9648\u9ed8\u7684\u76d1\u6d4b\u8bbe\u5907\u6355\u6349\u5230\u4e86\u5f02\u5e38\u6570...", "sentiment": 1.0, "tension": 0.0, "show_ratio": 4.69, "sensory": 0.464}
{"timestamp": 1767069739.0191715, "text": "\u201c\u8fd9\u662f\u771f\u7684\u5417\uff1f\u201d...", "sentiment": 0.1907, "tension": 1.0, "show_ratio": 1.0, "sensory": 0.0}
{"timestamp": 1767069765.3030303, "text": "\u6708\u5149\u5982\u6c34\uff0c\u6d12\u5728\u53e4\u8001\u7684\u5ead\u9662\u4e2d\u3002\u63d0\u95ee\u8005\u7ad9\u5728\u6708...", "sentiment": 1.0, "tension": 0.1, "show_ratio": 4.55, "sensory": 0.84}
{"timestamp": 1767069796.2800226, "text": "\u5f53\u90a3\u74f6\u7279\u5236\u7684\u9999\u6c34\u88ab\u6253\u5f00\u65f6\uff0c\u4e00\u80a1\u719f\u6089\u7684\u6c14\u5473...", "sentiment": 1.0, "tension": 0.0, "show_ratio": 3.82, "sensory": 0.99}
{"timestamp": 1767070587.468653, "text": "\u5f53\u90a3\u53ea\u9ed1\u732b\u7b2c\u4e00\u6b21\u51fa\u73b0\u5728\u5c0f\u9547\u5e7f\u573a\u65f6\uff0c\u6ca1\u6709\u4eba...", "sentiment": 1.0, "tension": 0.1, "show_ratio": 5.15, "sensory": 0.403}
{"timestamp": 1767070603.1992571, "text": "\u201c\u732b\u54aa\u9884\u793a\u7740\u60b2\u54c0\u8fd8\u662f\u5e0c\u671b\uff1f\u201d...", "sentiment": 0.9529, "tension": 0.925, "show_ratio": 3.0, "sensory": 0.0}
{"timestamp": 1767070633.6524882, "text": "\u827e\u62c9\u4ece\u5c0f\u5c31\u80fd\u542c\u61c2\u732b\u7684\u8bed\u8a00\uff0c\u8fd9\u8ba9\u5979\u88ab\u540c\u9f84\u4eba...", "sentiment": 1.0, "tension": 0.0, "show_ratio": 7.17, "sensory": 0.561}
{"timestamp": 1767070673.1784997, "text": "\u90a3\u665a\u7684\u6708\u5149\u5f02\u5e38\u660e\u4eae\uff0c\u94f6\u8f89\u5982\u7011\u5e03\u822c\u503e\u6cfb\u5728\u7a97...", "sentiment": 1.0, "tension": 0.1, "show_ratio": 7.6, "sensory": 0.588}
{"timestamp": 1767070687.583832, "text": "\u201c\u662f\u5149\u660e\uff0c\u662f\u6211\u4eec\u8ffd\u6c42\u6e34\u671b\u7684\u4e00\u5207\uff01\u201d...", "sentiment": 0.991, "tension": 0.8875, "show_ratio": 5.0, "sensory": 0.833}
{"timestamp": 1767070758.2823389, "text": "\u4e3a\u4e86\u63a7\u5236\u201c\u771f\u8bdd\u75c5\u6bd2\u201d\u7684\u4f20\u64ad\uff0c\u5f53\u5c40\u5728\u6c99\u6f20\u4e2d...", "sentiment": 1.0, "tension": 0.0, "show_ratio": 3.5, "sensory": 0.046}
{"timestamp": 1767174084.0148387, "text": "\u4e3b\u89d2\u53d1\u73b0\u81ea\u5df1\u7684\u7a7f\u68ad\u80fd\u529b\u884d\u751f\u51fa\u4e00\u79cd\u72ec\u7279\u7684\u611f...", "sentiment": 1.0, "tension": 0.0, "show_ratio": 3.5, "sensory": 0.503}
{"timestamp": 1767174108.1681654, "text": "\u201c\u6df1\u7ea2\uff01\u8840\u6db2\uff0c\u6bc1\u706d\u4e86\u4e00\u5207\u201d...", "sentiment": 0.9603, "tension": 0.9375, "show_ratio": 5.0, "sensory": 1.111}
{"timestamp": 1767174183.574329, "text": "\u539f\u6765\u6708\u5149\u80cc\u540e\u9690\u85cf\u7740\u5de8\u5927\u7684\u79d8\u5bc6\uff0c\u8fd9\u76f4\u63a5\u5bfc\u81f4...", "sentiment": 0.984, "tension": 0.625, "show_ratio": 1.67, "sensory": 0.588}
{"timestamp": 1767177596.431122, "text": "\u4e00\u4f4d\u4eab\u6709\u76db\u8a89\u7684\u8001\u753b\u5e08\u53d7\u56fd\u738b\u4e4b\u6258\uff0c\u8981\u5728\u738b\u5bab...", "sentiment": -0.9871, "tension": 0.0, "show_ratio": 3.89, "sensory": 0.341}
{"timestamp": 1767178146.9624865, "text": "\u5f53\u56fd\u738b\u7684\u968f\u4ece\u70b9\u71c3\u66f4\u591a\u706b\u628a\uff0c\u5899\u58c1\u7684\u5965\u79d8\u7ec8\u4e8e...", "sentiment": 1.0, "tension": 0.0, "show_ratio": 6.8, "sensory": 0.296}
{"timestamp": 1767178276.6458678, "text": "\u968f\u4ece\u4eec\u8f6e\u6d41\u9760\u8fd1\u65f6\u949f\u5899\u58c1\uff0c\u6bcf\u4e2a\u4eba\u62a5\u544a\u95fb\u5230\u4e86...", "sentiment": 1.0, "tension": 0.0, "show_ratio": 4.14, "sensory": 0.538}
{"timestamp": 1767178701.0881927, "text": "\u5f53\u56fd\u738b\u7b2c\u4e09\u6b21\u89e6\u6478\u5899\u58c1\u65f6\uff0c\u673a\u68b0\u6df1\u5904\u5f39\u51fa\u4e00\u4e2a...", "sentiment": 1.0, "tension": 0.0, "show_ratio": 5.5, "sensory": 0.287}
{"timestamp": 1767178989.570339, "text": "\u5bab\u5ef7\u9634\u8c0b\u5bb6\u7c73\u6d1b\u5fb7\u5076\u7136\u53d1\u73b0\uff0c\u5982\u679c\u5728\u67d0\u4eba\u9760\u8fd1...", "sentiment": 1.0, "tension": 0.0, "show_ratio": 3.89, "sensory": 0.373}
{"timestamp": 1767179073.2123759, "text": "\u5f53\u56fd\u738b\u7ad9\u5728\u65f6\u949f\u524d\uff0c\u9762\u5bf9\u90a3\u7247\u865a\u65e0\u65f6\uff0c\u4e00\u4e2a\u98a0...", "sentiment": 1.0, "tension": 0.0, "show_ratio": 5.44, "sensory": 0.521}
{"timestamp": 1767179115.9210176, "text": "\u56fd\u738b\u6ca1\u6709\u8bd5\u56fe\u6539\u53d8\u6c14\u5473\uff0c\u800c\u662f\u5f00\u59cb\u4e86\u4e00\u573a\u5168\u56fd...", "sentiment": 1.0, "tension": 0.0, "show_ratio": 6.2, "sensory": 0.521}
{"timestamp": 1767179116.2300642, "text": "\u56fd\u738b\u6ca1\u6709\u8bd5\u56fe\u6539\u53d8\u6c14\u5473\uff0c\u800c\u662f\u5f00\u59cb\u4e86\u4e00\u573a\u5168\u56fd...", "sentiment": 1.0, "tension": 0.0, "show_ratio": 6.2, "sensory": 0.521}
{"timestamp": 1767179246.0503619, "text": "\u5728\u4e00\u6b21\u5b9e\u9a8c\u4e2d\uff0c\u56fd\u738b\u8ba9\u5c06\u519b\u5728\u5fae\u91ba\u72b6\u6001\u4e0b\u518d\u6b21...", "sentiment": 1.0, "tension": 0.0, "show_ratio": 6.82, "sensory": 0.633}
{"timestamp": 1767179351.99328, "text": "\u201c\u584c\u9677\u4e86\u201d\u975e\u5e38\u7684\u7a81\u7136\uff0c\u949f\u8868\u5012\u584c\u4e86\uff0c\u9732\u51fa\u4e86...", "sentiment": -0.9358, "tension": 0.6625, "show_ratio": 4.0, "sensory": 0.0}
{"timestamp": 1767179378.3893983, "text": "\u201c\u4e0d\u8981\uff0c\u4e0d\u8981\u201d \u4e00\u4e2a\u5c0f\u5973\u5b69\u7a81\u7136\u51fa\u73b0\u4e86...", "sentiment": 0.471, "tension": 0.775, "show_ratio": 0.67, "sensory": 0.0}
{"timestamp": 1767179661.4755118, "text": "\u201c\u8c0e\u8a00\u4e4b\u7075\u201d\u662f\u4e00\u79cd\u7f55\u89c1\u7684\u8d85\u81ea\u7136\u5b58\u5728\uff0c\u5b83\u4eec...", "sentiment": 1.0, "tension": 0.0, "show_ratio": 3.13, "sensory": 0.081}
{"timestamp": 1767187231.120465, "text": "\u4e00\u4e2a\u65b0\u6545\u4e8b\u7684\u5f00\u59cb...", "sentiment": 0.6193, "tension": 0.9, "show_ratio": 2.0, "sensory": 0.0}
{"timestamp": 1767187255.4998116, "text": "\u4ece\u67d0\u4e2a\u6e05\u6668\u5f00\u59cb\uff0c\u4e3b\u89d2\u53d1\u73b0\u516c\u5bd3\u91cc\u6240\u6709\u7684\u955c\u5b50...", "sentiment": 1.0, "tension": 0.0, "show_ratio": 2.6, "sensory": 0.172}
{"timestamp": 1767187296.638091, "text": "\u201c\u56f0\u5883\u9020\u5c31\u4e86\u6211\u4eec\uff0c\u4e5f\u6539\u53d8\u4e86\u6211\u4eec\u201d...", "sentiment": 0.995, "tension": 0.8, "show_ratio": 3.0, "sensory": 0.0}
{"timestamp": 1767187340.2918794, "text": "\u5728\u6574\u7406\u7956\u6bcd\u7684\u9057\u7269\u65f6\uff0c\u827e\u7c73\u4e3d\u53d1\u73b0\u4e86\u4e00\u672c\u76ae\u9769...", "sentiment": 1.0, "tension": 0.1, "show_ratio": 3.85, "sensory": 0.071}
{"timestamp": 1767187340.890544, "text": "\u5728\u6574\u7406\u7956\u6bcd\u7684\u9057\u7269\u65f6\uff0c\u827e\u7c73\u4e3d\u53d1\u73b0\u4e86\u4e00\u672c\u76ae\u9769...", "sentiment": 1.0, "tension": 0.1, "show_ratio": 3.85, "sensory": 0.071}
{"timestamp": 1767187379.0290544, "text": "\u5c31\u5728\u827e\u7c73\u4e3d\u51c6\u5907\u5408\u4e0a\u65e5\u8bb0\u65f6\uff0c\u4e00\u5f20\u6cdb\u9ec4\u7684\u7eb8\u7247...", "sentiment": 1.0, "tension": 0.1, "show_ratio": 4.75, "sensory": 0.567}
{"timestamp": 1767187379.45322, "text": "\u5c31\u5728\u827e\u7c73\u4e3d\u51c6\u5907\u5408\u4e0a\u65e5\u8bb0\u65f6\uff0c\u4e00\u5f20\u6cdb\u9ec4\u7684\u7eb8\u7247...", "sentiment": 1.0, "tension": 0.1, "show_ratio": 4.75, "sensory": 0.567}
{"timestamp": 1767187392.151259, "text": "\u53ef\u6076\uff0c\u662f\u4ec0\u4e48\u5bfc\u81f4\u4e86\u60b2\u5267\u7684\u53d1\u751f...", "sentiment": -0.2414, "tension": 0.825, "show_ratio": 5.0, "sensory": 0.0}
{"timestamp": 1780045358.5971859, "text": "\u4f60\u597d...", "sentiment": 0.0625, "tension": 0.975, "show_ratio": 5.0, "sensory": 0.0}
{"timestamp": 1780045385.6421082, "text": "\u5728\u4e00\u6b21\u610f\u5916\u7684\u5b9e\u9a8c\u4e2d\uff0c\u4e3b\u89d2\u53d1\u73b0\u81ea\u5df1\u7684\u5927\u8111\u6d3b...", "sentiment": 1.0, "tension": 0.0, "show_ratio": 3.75, "sensory": 0.133}
